[    2339ms] [LOG] no @ http://localhost:3000/js/styling.js:39
[    2394ms] [LOG] w:800 h:500 ratio:1.6 @ https://www.niklasroy.com/styleandscripts/articleScript.js:77
[    2394ms] [LOG] fontSize:0.6153846153846154  @ https://www.niklasroy.com/styleandscripts/articleScript.js:78
[    2434ms] [LOG] PAGE LOADED @ https://www.niklasroy.com/styleandscripts/articleScript.js:1247
[    2434ms] [LOG]                                                             @ https://www.niklasroy.com/styleandscripts/articleScript.js:1249
[    2434ms] [LOG]                                 __          __  _ __        @ https://www.niklasroy.com/styleandscripts/articleScript.js:1250
[    2434ms] [LOG]    _________  __  ___________  / /_  ____  / /_(_) /_______ @ https://www.niklasroy.com/styleandscripts/articleScript.js:1251
[    2434ms] [LOG]   / ___/ __ \/ / / / ___/ __ \/ __ \/ __ \/ __/ / //_/ ___/ @ https://www.niklasroy.com/styleandscripts/articleScript.js:1252
[    2434ms] [LOG]  / /  / /_/ / /_/ / /  / /_/ / /_/ / /_/ / /_/ / ,< (__  )  @ https://www.niklasroy.com/styleandscripts/articleScript.js:1253
[    2434ms] [LOG] /_/   \____/\__, /_/   \____/_.___/\____/\__/_/_/|_/____/   @ https://www.niklasroy.com/styleandscripts/articleScript.js:1254
[    2434ms] [LOG]            /____/                                           @ https://www.niklasroy.com/styleandscripts/articleScript.js:1255
[    2434ms] [LOG]                                                             @ https://www.niklasroy.com/styleandscripts/articleScript.js:1256
[    2434ms] [LOG] JS V3.0 @ https://www.niklasroy.com/styleandscripts/articleScript.js:1257
[    2437ms] [LOG] w:800 h:500 ratio:1.6 @ https://www.niklasroy.com/styleandscripts/articleScript.js:77
[    2437ms] [LOG] fontSize:0.6153846153846154  @ https://www.niklasroy.com/styleandscripts/articleScript.js:78
[    5639ms] [LOG] no @ http://localhost:3000/js/styling.js:39
[    5645ms] [LOG] w:0 h:0 ratio:NaN @ https://www.niklasroy.com/styleandscripts/articleScript.js:77
[    5645ms] [LOG] fontSize:0  @ https://www.niklasroy.com/styleandscripts/articleScript.js:78
[    5650ms] [LOG] w:0 h:0 ratio:NaN @ https://www.niklasroy.com/styleandscripts/articleScript.js:77
[    5650ms] [LOG] fontSize:0  @ https://www.niklasroy.com/styleandscripts/articleScript.js:78
[    5653ms] [LOG] w:800 h:500 ratio:1.6 @ https://www.niklasroy.com/styleandscripts/articleScript.js:77
[    5653ms] [LOG] fontSize:0.6153846153846154  @ https://www.niklasroy.com/styleandscripts/articleScript.js:78
[    5728ms] [LOG] PAGE LOADED @ https://www.niklasroy.com/styleandscripts/articleScript.js:1247
[    5728ms] [LOG]                                                             @ https://www.niklasroy.com/styleandscripts/articleScript.js:1249
[    5728ms] [LOG]                                 __          __  _ __        @ https://www.niklasroy.com/styleandscripts/articleScript.js:1250
[    5728ms] [LOG]    _________  __  ___________  / /_  ____  / /_(_) /_______ @ https://www.niklasroy.com/styleandscripts/articleScript.js:1251
[    5728ms] [LOG]   / ___/ __ \/ / / / ___/ __ \/ __ \/ __ \/ __/ / //_/ ___/ @ https://www.niklasroy.com/styleandscripts/articleScript.js:1252
[    5728ms] [LOG]  / /  / /_/ / /_/ / /  / /_/ / /_/ / /_/ / /_/ / ,< (__  )  @ https://www.niklasroy.com/styleandscripts/articleScript.js:1253
[    5728ms] [LOG] /_/   \____/\__, /_/   \____/_.___/\____/\__/_/_/|_/____/   @ https://www.niklasroy.com/styleandscripts/articleScript.js:1254
[    5728ms] [LOG]            /____/                                           @ https://www.niklasroy.com/styleandscripts/articleScript.js:1255
[    5728ms] [LOG]                                                             @ https://www.niklasroy.com/styleandscripts/articleScript.js:1256
[    5728ms] [LOG] JS V3.0 @ https://www.niklasroy.com/styleandscripts/articleScript.js:1257
[    5734ms] [LOG] w:800 h:500 ratio:1.6 @ https://www.niklasroy.com/styleandscripts/articleScript.js:77
[    5734ms] [LOG] fontSize:0.6153846153846154  @ https://www.niklasroy.com/styleandscripts/articleScript.js:78
[    6338ms] [LOG] no @ http://localhost:3000/js/styling.js:39
[    6345ms] [LOG] w:0 h:0 ratio:NaN @ https://www.niklasroy.com/styleandscripts/articleScript.js:77
[    6345ms] [LOG] fontSize:0  @ https://www.niklasroy.com/styleandscripts/articleScript.js:78
[    6345ms] [LOG] w:0 h:0 ratio:NaN @ https://www.niklasroy.com/styleandscripts/articleScript.js:77
[    6345ms] [LOG] fontSize:0  @ https://www.niklasroy.com/styleandscripts/articleScript.js:78
[    6355ms] [LOG] w:800 h:500 ratio:1.6 @ https://www.niklasroy.com/styleandscripts/articleScript.js:77
[    6355ms] [LOG] fontSize:0.6153846153846154  @ https://www.niklasroy.com/styleandscripts/articleScript.js:78
[    6419ms] [LOG] PAGE LOADED @ https://www.niklasroy.com/styleandscripts/articleScript.js:1247
[    6419ms] [LOG]                                                             @ https://www.niklasroy.com/styleandscripts/articleScript.js:1249
[    6419ms] [LOG]                                 __          __  _ __        @ https://www.niklasroy.com/styleandscripts/articleScript.js:1250
[    6419ms] [LOG]    _________  __  ___________  / /_  ____  / /_(_) /_______ @ https://www.niklasroy.com/styleandscripts/articleScript.js:1251
[    6419ms] [LOG]   / ___/ __ \/ / / / ___/ __ \/ __ \/ __ \/ __/ / //_/ ___/ @ https://www.niklasroy.com/styleandscripts/articleScript.js:1252
[    6419ms] [LOG]  / /  / /_/ / /_/ / /  / /_/ / /_/ / /_/ / /_/ / ,< (__  )  @ https://www.niklasroy.com/styleandscripts/articleScript.js:1253
[    6419ms] [LOG] /_/   \____/\__, /_/   \____/_.___/\____/\__/_/_/|_/____/   @ https://www.niklasroy.com/styleandscripts/articleScript.js:1254
[    6419ms] [LOG]            /____/                                           @ https://www.niklasroy.com/styleandscripts/articleScript.js:1255
[    6419ms] [LOG]                                                             @ https://www.niklasroy.com/styleandscripts/articleScript.js:1256
[    6419ms] [LOG] JS V3.0 @ https://www.niklasroy.com/styleandscripts/articleScript.js:1257
[    6421ms] [LOG] w:800 h:500 ratio:1.6 @ https://www.niklasroy.com/styleandscripts/articleScript.js:77
[    6421ms] [LOG] fontSize:0.6153846153846154  @ https://www.niklasroy.com/styleandscripts/articleScript.js:78
[    7045ms] [LOG] w:0 h:0 ratio:NaN @ https://www.niklasroy.com/styleandscripts/articleScript.js:77
[    7045ms] [LOG] fontSize:0  @ https://www.niklasroy.com/styleandscripts/articleScript.js:78
[    7045ms] [LOG] w:0 h:0 ratio:NaN @ https://www.niklasroy.com/styleandscripts/articleScript.js:77
[    7045ms] [LOG] fontSize:0  @ https://www.niklasroy.com/styleandscripts/articleScript.js:78
[    7051ms] [LOG] w:800 h:500 ratio:1.6 @ https://www.niklasroy.com/styleandscripts/articleScript.js:77
[    7051ms] [LOG] fontSize:0.6153846153846154  @ https://www.niklasroy.com/styleandscripts/articleScript.js:78
[    7055ms] [LOG] no @ http://localhost:3000/js/styling.js:39
[    7136ms] [LOG] PAGE LOADED @ https://www.niklasroy.com/styleandscripts/articleScript.js:1247
[    7136ms] [LOG]                                                             @ https://www.niklasroy.com/styleandscripts/articleScript.js:1249
[    7136ms] [LOG]                                 __          __  _ __        @ https://www.niklasroy.com/styleandscripts/articleScript.js:1250
[    7136ms] [LOG]    _________  __  ___________  / /_  ____  / /_(_) /_______ @ https://www.niklasroy.com/styleandscripts/articleScript.js:1251
[    7136ms] [LOG]   / ___/ __ \/ / / / ___/ __ \/ __ \/ __ \/ __/ / //_/ ___/ @ https://www.niklasroy.com/styleandscripts/articleScript.js:1252
[    7136ms] [LOG]  / /  / /_/ / /_/ / /  / /_/ / /_/ / /_/ / /_/ / ,< (__  )  @ https://www.niklasroy.com/styleandscripts/articleScript.js:1253
[    7136ms] [LOG] /_/   \____/\__, /_/   \____/_.___/\____/\__/_/_/|_/____/   @ https://www.niklasroy.com/styleandscripts/articleScript.js:1254
[    7136ms] [LOG]            /____/                                           @ https://www.niklasroy.com/styleandscripts/articleScript.js:1255
[    7136ms] [LOG]                                                             @ https://www.niklasroy.com/styleandscripts/articleScript.js:1256
[    7136ms] [LOG] JS V3.0 @ https://www.niklasroy.com/styleandscripts/articleScript.js:1257
[    7137ms] [LOG] w:800 h:500 ratio:1.6 @ https://www.niklasroy.com/styleandscripts/articleScript.js:77
[    7137ms] [LOG] fontSize:0.6153846153846154  @ https://www.niklasroy.com/styleandscripts/articleScript.js:78
[    7744ms] [LOG] w:0 h:0 ratio:NaN @ https://www.niklasroy.com/styleandscripts/articleScript.js:77
[    7744ms] [LOG] fontSize:0  @ https://www.niklasroy.com/styleandscripts/articleScript.js:78
[    7744ms] [LOG] w:0 h:0 ratio:NaN @ https://www.niklasroy.com/styleandscripts/articleScript.js:77
[    7744ms] [LOG] fontSize:0  @ https://www.niklasroy.com/styleandscripts/articleScript.js:78
[    7748ms] [LOG] no @ http://localhost:3000/js/styling.js:39
[    7750ms] [LOG] w:800 h:500 ratio:1.6 @ https://www.niklasroy.com/styleandscripts/articleScript.js:77
[    7750ms] [LOG] fontSize:0.6153846153846154  @ https://www.niklasroy.com/styleandscripts/articleScript.js:78
[    7825ms] [LOG] PAGE LOADED @ https://www.niklasroy.com/styleandscripts/articleScript.js:1247
[    7825ms] [LOG]                                                             @ https://www.niklasroy.com/styleandscripts/articleScript.js:1249
[    7825ms] [LOG]                                 __          __  _ __        @ https://www.niklasroy.com/styleandscripts/articleScript.js:1250
[    7825ms] [LOG]    _________  __  ___________  / /_  ____  / /_(_) /_______ @ https://www.niklasroy.com/styleandscripts/articleScript.js:1251
[    7825ms] [LOG]   / ___/ __ \/ / / / ___/ __ \/ __ \/ __ \/ __/ / //_/ ___/ @ https://www.niklasroy.com/styleandscripts/articleScript.js:1252
[    7825ms] [LOG]  / /  / /_/ / /_/ / /  / /_/ / /_/ / /_/ / /_/ / ,< (__  )  @ https://www.niklasroy.com/styleandscripts/articleScript.js:1253
[    7825ms] [LOG] /_/   \____/\__, /_/   \____/_.___/\____/\__/_/_/|_/____/   @ https://www.niklasroy.com/styleandscripts/articleScript.js:1254
[    7825ms] [LOG]            /____/                                           @ https://www.niklasroy.com/styleandscripts/articleScript.js:1255
[    7825ms] [LOG]                                                             @ https://www.niklasroy.com/styleandscripts/articleScript.js:1256
[    7825ms] [LOG] JS V3.0 @ https://www.niklasroy.com/styleandscripts/articleScript.js:1257
[    7826ms] [LOG] w:800 h:500 ratio:1.6 @ https://www.niklasroy.com/styleandscripts/articleScript.js:77
[    7826ms] [LOG] fontSize:0.6153846153846154  @ https://www.niklasroy.com/styleandscripts/articleScript.js:78
[    8454ms] [LOG] no @ http://localhost:3000/js/styling.js:39
[    8464ms] [LOG] w:0 h:0 ratio:NaN @ https://www.niklasroy.com/styleandscripts/articleScript.js:77
[    8464ms] [LOG] fontSize:0  @ https://www.niklasroy.com/styleandscripts/articleScript.js:78
[    8464ms] [LOG] w:0 h:0 ratio:NaN @ https://www.niklasroy.com/styleandscripts/articleScript.js:77
[    8465ms] [LOG] fontSize:0  @ https://www.niklasroy.com/styleandscripts/articleScript.js:78
[    8474ms] [LOG] w:800 h:500 ratio:1.6 @ https://www.niklasroy.com/styleandscripts/articleScript.js:77
[    8474ms] [LOG] fontSize:0.6153846153846154  @ https://www.niklasroy.com/styleandscripts/articleScript.js:78
[    8527ms] [LOG] PAGE LOADED @ https://www.niklasroy.com/styleandscripts/articleScript.js:1247
[    8527ms] [LOG]                                                             @ https://www.niklasroy.com/styleandscripts/articleScript.js:1249
[    8527ms] [LOG]                                 __          __  _ __        @ https://www.niklasroy.com/styleandscripts/articleScript.js:1250
[    8527ms] [LOG]    _________  __  ___________  / /_  ____  / /_(_) /_______ @ https://www.niklasroy.com/styleandscripts/articleScript.js:1251
[    8527ms] [LOG]   / ___/ __ \/ / / / ___/ __ \/ __ \/ __ \/ __/ / //_/ ___/ @ https://www.niklasroy.com/styleandscripts/articleScript.js:1252
[    8527ms] [LOG]  / /  / /_/ / /_/ / /  / /_/ / /_/ / /_/ / /_/ / ,< (__  )  @ https://www.niklasroy.com/styleandscripts/articleScript.js:1253
[    8527ms] [LOG] /_/   \____/\__, /_/   \____/_.___/\____/\__/_/_/|_/____/   @ https://www.niklasroy.com/styleandscripts/articleScript.js:1254
[    8527ms] [LOG]            /____/                                           @ https://www.niklasroy.com/styleandscripts/articleScript.js:1255
[    8527ms] [LOG]                                                             @ https://www.niklasroy.com/styleandscripts/articleScript.js:1256
[    8527ms] [LOG] JS V3.0 @ https://www.niklasroy.com/styleandscripts/articleScript.js:1257
[    8529ms] [LOG] w:800 h:500 ratio:1.6 @ https://www.niklasroy.com/styleandscripts/articleScript.js:77
[    8529ms] [LOG] fontSize:0.6153846153846154  @ https://www.niklasroy.com/styleandscripts/articleScript.js:78
[    9154ms] [LOG] no @ http://localhost:3000/js/styling.js:39
[    9154ms] [LOG] w:0 h:0 ratio:NaN @ https://www.niklasroy.com/styleandscripts/articleScript.js:77
[    9154ms] [LOG] fontSize:0  @ https://www.niklasroy.com/styleandscripts/articleScript.js:78
[    9155ms] [LOG] w:0 h:0 ratio:NaN @ https://www.niklasroy.com/styleandscripts/articleScript.js:77
[    9155ms] [LOG] fontSize:0  @ https://www.niklasroy.com/styleandscripts/articleScript.js:78
[    9160ms] [LOG] w:800 h:500 ratio:1.6 @ https://www.niklasroy.com/styleandscripts/articleScript.js:77
[    9160ms] [LOG] fontSize:0.6153846153846154  @ https://www.niklasroy.com/styleandscripts/articleScript.js:78
[    9208ms] [LOG] PAGE LOADED @ https://www.niklasroy.com/styleandscripts/articleScript.js:1247
[    9208ms] [LOG]                                                             @ https://www.niklasroy.com/styleandscripts/articleScript.js:1249
[    9208ms] [LOG]                                 __          __  _ __        @ https://www.niklasroy.com/styleandscripts/articleScript.js:1250
[    9208ms] [LOG]    _________  __  ___________  / /_  ____  / /_(_) /_______ @ https://www.niklasroy.com/styleandscripts/articleScript.js:1251
[    9208ms] [LOG]   / ___/ __ \/ / / / ___/ __ \/ __ \/ __ \/ __/ / //_/ ___/ @ https://www.niklasroy.com/styleandscripts/articleScript.js:1252
[    9208ms] [LOG]  / /  / /_/ / /_/ / /  / /_/ / /_/ / /_/ / /_/ / ,< (__  )  @ https://www.niklasroy.com/styleandscripts/articleScript.js:1253
[    9208ms] [LOG] /_/   \____/\__, /_/   \____/_.___/\____/\__/_/_/|_/____/   @ https://www.niklasroy.com/styleandscripts/articleScript.js:1254
[    9208ms] [LOG]            /____/                                           @ https://www.niklasroy.com/styleandscripts/articleScript.js:1255
[    9208ms] [LOG]                                                             @ https://www.niklasroy.com/styleandscripts/articleScript.js:1256
[    9208ms] [LOG] JS V3.0 @ https://www.niklasroy.com/styleandscripts/articleScript.js:1257
[    9209ms] [LOG] w:800 h:500 ratio:1.6 @ https://www.niklasroy.com/styleandscripts/articleScript.js:77
[    9209ms] [LOG] fontSize:0.6153846153846154  @ https://www.niklasroy.com/styleandscripts/articleScript.js:78
[    9867ms] [LOG] no @ http://localhost:3000/js/styling.js:39
[    9874ms] [LOG] w:800 h:500 ratio:1.6 @ https://www.niklasroy.com/styleandscripts/articleScript.js:77
[    9874ms] [LOG] fontSize:0.6153846153846154  @ https://www.niklasroy.com/styleandscripts/articleScript.js:78
[    9925ms] [LOG] PAGE LOADED @ https://www.niklasroy.com/styleandscripts/articleScript.js:1247
[    9925ms] [LOG]                                                             @ https://www.niklasroy.com/styleandscripts/articleScript.js:1249
[    9925ms] [LOG]                                 __          __  _ __        @ https://www.niklasroy.com/styleandscripts/articleScript.js:1250
[    9925ms] [LOG]    _________  __  ___________  / /_  ____  / /_(_) /_______ @ https://www.niklasroy.com/styleandscripts/articleScript.js:1251
[    9925ms] [LOG]   / ___/ __ \/ / / / ___/ __ \/ __ \/ __ \/ __/ / //_/ ___/ @ https://www.niklasroy.com/styleandscripts/articleScript.js:1252
[    9925ms] [LOG]  / /  / /_/ / /_/ / /  / /_/ / /_/ / /_/ / /_/ / ,< (__  )  @ https://www.niklasroy.com/styleandscripts/articleScript.js:1253
[    9925ms] [LOG] /_/   \____/\__, /_/   \____/_.___/\____/\__/_/_/|_/____/   @ https://www.niklasroy.com/styleandscripts/articleScript.js:1254
[    9925ms] [LOG]            /____/                                           @ https://www.niklasroy.com/styleandscripts/articleScript.js:1255
[    9925ms] [LOG]                                                             @ https://www.niklasroy.com/styleandscripts/articleScript.js:1256
[    9925ms] [LOG] JS V3.0 @ https://www.niklasroy.com/styleandscripts/articleScript.js:1257
[    9926ms] [LOG] w:800 h:500 ratio:1.6 @ https://www.niklasroy.com/styleandscripts/articleScript.js:77
[    9926ms] [LOG] fontSize:0.6153846153846154  @ https://www.niklasroy.com/styleandscripts/articleScript.js:78
[   10566ms] [LOG] no @ http://localhost:3000/js/styling.js:39
[   10568ms] [LOG] w:0 h:0 ratio:NaN @ https://www.niklasroy.com/styleandscripts/articleScript.js:77
[   10568ms] [LOG] fontSize:0  @ https://www.niklasroy.com/styleandscripts/articleScript.js:78
[   10570ms] [LOG] w:0 h:0 ratio:NaN @ https://www.niklasroy.com/styleandscripts/articleScript.js:77
[   10570ms] [LOG] fontSize:0  @ https://www.niklasroy.com/styleandscripts/articleScript.js:78
[   10588ms] [LOG] w:800 h:500 ratio:1.6 @ https://www.niklasroy.com/styleandscripts/articleScript.js:77
[   10588ms] [LOG] fontSize:0.6153846153846154  @ https://www.niklasroy.com/styleandscripts/articleScript.js:78
[   10616ms] [LOG] PAGE LOADED @ https://www.niklasroy.com/styleandscripts/articleScript.js:1247
[   10616ms] [LOG]                                                             @ https://www.niklasroy.com/styleandscripts/articleScript.js:1249
[   10616ms] [LOG]                                 __          __  _ __        @ https://www.niklasroy.com/styleandscripts/articleScript.js:1250
[   10616ms] [LOG]    _________  __  ___________  / /_  ____  / /_(_) /_______ @ https://www.niklasroy.com/styleandscripts/articleScript.js:1251
[   10616ms] [LOG]   / ___/ __ \/ / / / ___/ __ \/ __ \/ __ \/ __/ / //_/ ___/ @ https://www.niklasroy.com/styleandscripts/articleScript.js:1252
[   10616ms] [LOG]  / /  / /_/ / /_/ / /  / /_/ / /_/ / /_/ / /_/ / ,< (__  )  @ https://www.niklasroy.com/styleandscripts/articleScript.js:1253
[   10616ms] [LOG] /_/   \____/\__, /_/   \____/_.___/\____/\__/_/_/|_/____/   @ https://www.niklasroy.com/styleandscripts/articleScript.js:1254
[   10616ms] [LOG]            /____/                                           @ https://www.niklasroy.com/styleandscripts/articleScript.js:1255
[   10616ms] [LOG]                                                             @ https://www.niklasroy.com/styleandscripts/articleScript.js:1256
[   10616ms] [LOG] JS V3.0 @ https://www.niklasroy.com/styleandscripts/articleScript.js:1257
[   10617ms] [LOG] w:800 h:500 ratio:1.6 @ https://www.niklasroy.com/styleandscripts/articleScript.js:77
[   10617ms] [LOG] fontSize:0.6153846153846154  @ https://www.niklasroy.com/styleandscripts/articleScript.js:78
[   11269ms] [LOG] no @ http://localhost:3000/js/styling.js:39
[   11271ms] [LOG] w:0 h:0 ratio:NaN @ https://www.niklasroy.com/styleandscripts/articleScript.js:77
[   11271ms] [LOG] fontSize:0  @ https://www.niklasroy.com/styleandscripts/articleScript.js:78
[   11271ms] [LOG] w:0 h:0 ratio:NaN @ https://www.niklasroy.com/styleandscripts/articleScript.js:77
[   11271ms] [LOG] fontSize:0  @ https://www.niklasroy.com/styleandscripts/articleScript.js:78
[   11292ms] [LOG] w:800 h:500 ratio:1.6 @ https://www.niklasroy.com/styleandscripts/articleScript.js:77
[   11292ms] [LOG] fontSize:0.6153846153846154  @ https://www.niklasroy.com/styleandscripts/articleScript.js:78
[   11318ms] [LOG] PAGE LOADED @ https://www.niklasroy.com/styleandscripts/articleScript.js:1247
[   11319ms] [LOG]                                                             @ https://www.niklasroy.com/styleandscripts/articleScript.js:1249
[   11319ms] [LOG]                                 __          __  _ __        @ https://www.niklasroy.com/styleandscripts/articleScript.js:1250
[   11319ms] [LOG]    _________  __  ___________  / /_  ____  / /_(_) /_______ @ https://www.niklasroy.com/styleandscripts/articleScript.js:1251
[   11319ms] [LOG]   / ___/ __ \/ / / / ___/ __ \/ __ \/ __ \/ __/ / //_/ ___/ @ https://www.niklasroy.com/styleandscripts/articleScript.js:1252
[   11319ms] [LOG]  / /  / /_/ / /_/ / /  / /_/ / /_/ / /_/ / /_/ / ,< (__  )  @ https://www.niklasroy.com/styleandscripts/articleScript.js:1253
[   11319ms] [LOG] /_/   \____/\__, /_/   \____/_.___/\____/\__/_/_/|_/____/   @ https://www.niklasroy.com/styleandscripts/articleScript.js:1254
[   11319ms] [LOG]            /____/                                           @ https://www.niklasroy.com/styleandscripts/articleScript.js:1255
[   11319ms] [LOG]                                                             @ https://www.niklasroy.com/styleandscripts/articleScript.js:1256
[   11319ms] [LOG] JS V3.0 @ https://www.niklasroy.com/styleandscripts/articleScript.js:1257
[   11320ms] [LOG] w:800 h:500 ratio:1.6 @ https://www.niklasroy.com/styleandscripts/articleScript.js:77
[   11320ms] [LOG] fontSize:0.6153846153846154  @ https://www.niklasroy.com/styleandscripts/articleScript.js:78
[   11985ms] [LOG] w:0 h:0 ratio:NaN @ https://www.niklasroy.com/styleandscripts/articleScript.js:77
[   11985ms] [LOG] fontSize:0  @ https://www.niklasroy.com/styleandscripts/articleScript.js:78
[   11985ms] [LOG] w:0 h:0 ratio:NaN @ https://www.niklasroy.com/styleandscripts/articleScript.js:77
[   11985ms] [LOG] fontSize:0  @ https://www.niklasroy.com/styleandscripts/articleScript.js:78
[   11992ms] [LOG] no @ http://localhost:3000/js/styling.js:39
[   11992ms] [LOG] w:800 h:500 ratio:1.6 @ https://www.niklasroy.com/styleandscripts/articleScript.js:77
[   11992ms] [LOG] fontSize:0.6153846153846154  @ https://www.niklasroy.com/styleandscripts/articleScript.js:78
[   12038ms] [LOG] PAGE LOADED @ https://www.niklasroy.com/styleandscripts/articleScript.js:1247
[   12038ms] [LOG]                                                             @ https://www.niklasroy.com/styleandscripts/articleScript.js:1249
[   12038ms] [LOG]                                 __          __  _ __        @ https://www.niklasroy.com/styleandscripts/articleScript.js:1250
[   12038ms] [LOG]    _________  __  ___________  / /_  ____  / /_(_) /_______ @ https://www.niklasroy.com/styleandscripts/articleScript.js:1251
[   12038ms] [LOG]   / ___/ __ \/ / / / ___/ __ \/ __ \/ __ \/ __/ / //_/ ___/ @ https://www.niklasroy.com/styleandscripts/articleScript.js:1252
[   12038ms] [LOG]  / /  / /_/ / /_/ / /  / /_/ / /_/ / /_/ / /_/ / ,< (__  )  @ https://www.niklasroy.com/styleandscripts/articleScript.js:1253
[   12038ms] [LOG] /_/   \____/\__, /_/   \____/_.___/\____/\__/_/_/|_/____/   @ https://www.niklasroy.com/styleandscripts/articleScript.js:1254
[   12039ms] [LOG]            /____/                                           @ https://www.niklasroy.com/styleandscripts/articleScript.js:1255
[   12039ms] [LOG]                                                             @ https://www.niklasroy.com/styleandscripts/articleScript.js:1256
[   12039ms] [LOG] JS V3.0 @ https://www.niklasroy.com/styleandscripts/articleScript.js:1257
[   12040ms] [LOG] w:800 h:500 ratio:1.6 @ https://www.niklasroy.com/styleandscripts/articleScript.js:77
[   12040ms] [LOG] fontSize:0.6153846153846154  @ https://www.niklasroy.com/styleandscripts/articleScript.js:78
[   12669ms] [LOG] no @ http://localhost:3000/js/styling.js:39
[   12674ms] [LOG] w:0 h:0 ratio:NaN @ https://www.niklasroy.com/styleandscripts/articleScript.js:77
[   12674ms] [LOG] fontSize:0  @ https://www.niklasroy.com/styleandscripts/articleScript.js:78
[   12674ms] [LOG] w:0 h:0 ratio:NaN @ https://www.niklasroy.com/styleandscripts/articleScript.js:77
[   12674ms] [LOG] fontSize:0  @ https://www.niklasroy.com/styleandscripts/articleScript.js:78
[   12677ms] [LOG] w:800 h:500 ratio:1.6 @ https://www.niklasroy.com/styleandscripts/articleScript.js:77
[   12677ms] [LOG] fontSize:0.6153846153846154  @ https://www.niklasroy.com/styleandscripts/articleScript.js:78
[   12728ms] [LOG] PAGE LOADED @ https://www.niklasroy.com/styleandscripts/articleScript.js:1247
[   12728ms] [LOG]                                                             @ https://www.niklasroy.com/styleandscripts/articleScript.js:1249
[   12728ms] [LOG]                                 __          __  _ __        @ https://www.niklasroy.com/styleandscripts/articleScript.js:1250
[   12728ms] [LOG]    _________  __  ___________  / /_  ____  / /_(_) /_______ @ https://www.niklasroy.com/styleandscripts/articleScript.js:1251
[   12728ms] [LOG]   / ___/ __ \/ / / / ___/ __ \/ __ \/ __ \/ __/ / //_/ ___/ @ https://www.niklasroy.com/styleandscripts/articleScript.js:1252
[   12728ms] [LOG]  / /  / /_/ / /_/ / /  / /_/ / /_/ / /_/ / /_/ / ,< (__  )  @ https://www.niklasroy.com/styleandscripts/articleScript.js:1253
[   12728ms] [LOG] /_/   \____/\__, /_/   \____/_.___/\____/\__/_/_/|_/____/   @ https://www.niklasroy.com/styleandscripts/articleScript.js:1254
[   12728ms] [LOG]            /____/                                           @ https://www.niklasroy.com/styleandscripts/articleScript.js:1255
[   12728ms] [LOG]                                                             @ https://www.niklasroy.com/styleandscripts/articleScript.js:1256
[   12728ms] [LOG] JS V3.0 @ https://www.niklasroy.com/styleandscripts/articleScript.js:1257
[   12729ms] [LOG] w:800 h:500 ratio:1.6 @ https://www.niklasroy.com/styleandscripts/articleScript.js:77
[   12729ms] [LOG] fontSize:0.6153846153846154  @ https://www.niklasroy.com/styleandscripts/articleScript.js:78
[   13385ms] [LOG] no @ http://localhost:3000/js/styling.js:39
[   13387ms] [LOG] w:0 h:0 ratio:NaN @ https://www.niklasroy.com/styleandscripts/articleScript.js:77
[   13387ms] [LOG] fontSize:0  @ https://www.niklasroy.com/styleandscripts/articleScript.js:78
[   13387ms] [LOG] w:0 h:0 ratio:NaN @ https://www.niklasroy.com/styleandscripts/articleScript.js:77
[   13387ms] [LOG] fontSize:0  @ https://www.niklasroy.com/styleandscripts/articleScript.js:78
[   13407ms] [LOG] w:800 h:500 ratio:1.6 @ https://www.niklasroy.com/styleandscripts/articleScript.js:77
[   13407ms] [LOG] fontSize:0.6153846153846154  @ https://www.niklasroy.com/styleandscripts/articleScript.js:78
[   13449ms] [LOG] PAGE LOADED @ https://www.niklasroy.com/styleandscripts/articleScript.js:1247
[   13449ms] [LOG]                                                             @ https://www.niklasroy.com/styleandscripts/articleScript.js:1249
[   13449ms] [LOG]                                 __          __  _ __        @ https://www.niklasroy.com/styleandscripts/articleScript.js:1250
[   13449ms] [LOG]    _________  __  ___________  / /_  ____  / /_(_) /_______ @ https://www.niklasroy.com/styleandscripts/articleScript.js:1251
[   13449ms] [LOG]   / ___/ __ \/ / / / ___/ __ \/ __ \/ __ \/ __/ / //_/ ___/ @ https://www.niklasroy.com/styleandscripts/articleScript.js:1252
[   13449ms] [LOG]  / /  / /_/ / /_/ / /  / /_/ / /_/ / /_/ / /_/ / ,< (__  )  @ https://www.niklasroy.com/styleandscripts/articleScript.js:1253
[   13449ms] [LOG] /_/   \____/\__, /_/   \____/_.___/\____/\__/_/_/|_/____/   @ https://www.niklasroy.com/styleandscripts/articleScript.js:1254
[   13449ms] [LOG]            /____/                                           @ https://www.niklasroy.com/styleandscripts/articleScript.js:1255
[   13449ms] [LOG]                                                             @ https://www.niklasroy.com/styleandscripts/articleScript.js:1256
[   13449ms] [LOG] JS V3.0 @ https://www.niklasroy.com/styleandscripts/articleScript.js:1257
[   13450ms] [LOG] w:800 h:500 ratio:1.6 @ https://www.niklasroy.com/styleandscripts/articleScript.js:77
[   13450ms] [LOG] fontSize:0.6153846153846154  @ https://www.niklasroy.com/styleandscripts/articleScript.js:78
[   14107ms] [LOG] no @ http://localhost:3000/js/styling.js:39
[   14108ms] [LOG] w:800 h:500 ratio:1.6 @ https://www.niklasroy.com/styleandscripts/articleScript.js:77
[   14108ms] [LOG] fontSize:0.6153846153846154  @ https://www.niklasroy.com/styleandscripts/articleScript.js:78
[   14154ms] [LOG] PAGE LOADED @ https://www.niklasroy.com/styleandscripts/articleScript.js:1247
[   14154ms] [LOG]                                                             @ https://www.niklasroy.com/styleandscripts/articleScript.js:1249
[   14154ms] [LOG]                                 __          __  _ __        @ https://www.niklasroy.com/styleandscripts/articleScript.js:1250
[   14154ms] [LOG]    _________  __  ___________  / /_  ____  / /_(_) /_______ @ https://www.niklasroy.com/styleandscripts/articleScript.js:1251
[   14154ms] [LOG]   / ___/ __ \/ / / / ___/ __ \/ __ \/ __ \/ __/ / //_/ ___/ @ https://www.niklasroy.com/styleandscripts/articleScript.js:1252
[   14154ms] [LOG]  / /  / /_/ / /_/ / /  / /_/ / /_/ / /_/ / /_/ / ,< (__  )  @ https://www.niklasroy.com/styleandscripts/articleScript.js:1253
[   14154ms] [LOG] /_/   \____/\__, /_/   \____/_.___/\____/\__/_/_/|_/____/   @ https://www.niklasroy.com/styleandscripts/articleScript.js:1254
[   14154ms] [LOG]            /____/                                           @ https://www.niklasroy.com/styleandscripts/articleScript.js:1255
[   14154ms] [LOG]                                                             @ https://www.niklasroy.com/styleandscripts/articleScript.js:1256
[   14154ms] [LOG] JS V3.0 @ https://www.niklasroy.com/styleandscripts/articleScript.js:1257
[   14157ms] [LOG] w:800 h:500 ratio:1.6 @ https://www.niklasroy.com/styleandscripts/articleScript.js:77
[   14157ms] [LOG] fontSize:0.6153846153846154  @ https://www.niklasroy.com/styleandscripts/articleScript.js:78
[   14800ms] [LOG] no @ http://localhost:3000/js/styling.js:39
[   14812ms] [LOG] w:800 h:500 ratio:1.6 @ https://www.niklasroy.com/styleandscripts/articleScript.js:77
[   14812ms] [LOG] fontSize:0.6153846153846154  @ https://www.niklasroy.com/styleandscripts/articleScript.js:78
[   14856ms] [LOG] PAGE LOADED @ https://www.niklasroy.com/styleandscripts/articleScript.js:1247
[   14857ms] [LOG]                                                             @ https://www.niklasroy.com/styleandscripts/articleScript.js:1249
[   14857ms] [LOG]                                 __          __  _ __        @ https://www.niklasroy.com/styleandscripts/articleScript.js:1250
[   14857ms] [LOG]    _________  __  ___________  / /_  ____  / /_(_) /_______ @ https://www.niklasroy.com/styleandscripts/articleScript.js:1251
[   14857ms] [LOG]   / ___/ __ \/ / / / ___/ __ \/ __ \/ __ \/ __/ / //_/ ___/ @ https://www.niklasroy.com/styleandscripts/articleScript.js:1252
[   14857ms] [LOG]  / /  / /_/ / /_/ / /  / /_/ / /_/ / /_/ / /_/ / ,< (__  )  @ https://www.niklasroy.com/styleandscripts/articleScript.js:1253
[   14857ms] [LOG] /_/   \____/\__, /_/   \____/_.___/\____/\__/_/_/|_/____/   @ https://www.niklasroy.com/styleandscripts/articleScript.js:1254
[   14857ms] [LOG]            /____/                                           @ https://www.niklasroy.com/styleandscripts/articleScript.js:1255
[   14857ms] [LOG]                                                             @ https://www.niklasroy.com/styleandscripts/articleScript.js:1256
[   14857ms] [LOG] JS V3.0 @ https://www.niklasroy.com/styleandscripts/articleScript.js:1257
[   14857ms] [LOG] w:800 h:500 ratio:1.6 @ https://www.niklasroy.com/styleandscripts/articleScript.js:77
[   14857ms] [LOG] fontSize:0.6153846153846154  @ https://www.niklasroy.com/styleandscripts/articleScript.js:78
[   15512ms] [LOG] no @ http://localhost:3000/js/styling.js:39
[   15516ms] [LOG] w:800 h:500 ratio:1.6 @ https://www.niklasroy.com/styleandscripts/articleScript.js:77
[   15516ms] [LOG] fontSize:0.6153846153846154  @ https://www.niklasroy.com/styleandscripts/articleScript.js:78
[   15580ms] [LOG] PAGE LOADED @ https://www.niklasroy.com/styleandscripts/articleScript.js:1247
[   15580ms] [LOG]                                                             @ https://www.niklasroy.com/styleandscripts/articleScript.js:1249
[   15580ms] [LOG]                                 __          __  _ __        @ https://www.niklasroy.com/styleandscripts/articleScript.js:1250
[   15580ms] [LOG]    _________  __  ___________  / /_  ____  / /_(_) /_______ @ https://www.niklasroy.com/styleandscripts/articleScript.js:1251
[   15580ms] [LOG]   / ___/ __ \/ / / / ___/ __ \/ __ \/ __ \/ __/ / //_/ ___/ @ https://www.niklasroy.com/styleandscripts/articleScript.js:1252
[   15581ms] [LOG]  / /  / /_/ / /_/ / /  / /_/ / /_/ / /_/ / /_/ / ,< (__  )  @ https://www.niklasroy.com/styleandscripts/articleScript.js:1253
[   15581ms] [LOG] /_/   \____/\__, /_/   \____/_.___/\____/\__/_/_/|_/____/   @ https://www.niklasroy.com/styleandscripts/articleScript.js:1254
[   15581ms] [LOG]            /____/                                           @ https://www.niklasroy.com/styleandscripts/articleScript.js:1255
[   15581ms] [LOG]                                                             @ https://www.niklasroy.com/styleandscripts/articleScript.js:1256
[   15581ms] [LOG] JS V3.0 @ https://www.niklasroy.com/styleandscripts/articleScript.js:1257
[   15583ms] [LOG] w:800 h:500 ratio:1.6 @ https://www.niklasroy.com/styleandscripts/articleScript.js:77
[   15583ms] [LOG] fontSize:0.6153846153846154  @ https://www.niklasroy.com/styleandscripts/articleScript.js:78
[   16198ms] [LOG] no @ http://localhost:3000/js/styling.js:39
[   16205ms] [LOG] w:0 h:0 ratio:NaN @ https://www.niklasroy.com/styleandscripts/articleScript.js:77
[   16205ms] [LOG] fontSize:0  @ https://www.niklasroy.com/styleandscripts/articleScript.js:78
[   16206ms] [LOG] w:0 h:0 ratio:NaN @ https://www.niklasroy.com/styleandscripts/articleScript.js:77
[   16206ms] [LOG] fontSize:0  @ https://www.niklasroy.com/styleandscripts/articleScript.js:78
[   16209ms] [LOG] w:800 h:500 ratio:1.6 @ https://www.niklasroy.com/styleandscripts/articleScript.js:77
[   16209ms] [LOG] fontSize:0.6153846153846154  @ https://www.niklasroy.com/styleandscripts/articleScript.js:78
[   16255ms] [LOG] PAGE LOADED @ https://www.niklasroy.com/styleandscripts/articleScript.js:1247
[   16255ms] [LOG]                                                             @ https://www.niklasroy.com/styleandscripts/articleScript.js:1249
[   16255ms] [LOG]                                 __          __  _ __        @ https://www.niklasroy.com/styleandscripts/articleScript.js:1250
[   16255ms] [LOG]    _________  __  ___________  / /_  ____  / /_(_) /_______ @ https://www.niklasroy.com/styleandscripts/articleScript.js:1251
[   16255ms] [LOG]   / ___/ __ \/ / / / ___/ __ \/ __ \/ __ \/ __/ / //_/ ___/ @ https://www.niklasroy.com/styleandscripts/articleScript.js:1252
[   16255ms] [LOG]  / /  / /_/ / /_/ / /  / /_/ / /_/ / /_/ / /_/ / ,< (__  )  @ https://www.niklasroy.com/styleandscripts/articleScript.js:1253
[   16255ms] [LOG] /_/   \____/\__, /_/   \____/_.___/\____/\__/_/_/|_/____/   @ https://www.niklasroy.com/styleandscripts/articleScript.js:1254
[   16255ms] [LOG]            /____/                                           @ https://www.niklasroy.com/styleandscripts/articleScript.js:1255
[   16255ms] [LOG]                                                             @ https://www.niklasroy.com/styleandscripts/articleScript.js:1256
[   16255ms] [LOG] JS V3.0 @ https://www.niklasroy.com/styleandscripts/articleScript.js:1257
[   16256ms] [LOG] w:800 h:500 ratio:1.6 @ https://www.niklasroy.com/styleandscripts/articleScript.js:77
[   16256ms] [LOG] fontSize:0.6153846153846154  @ https://www.niklasroy.com/styleandscripts/articleScript.js:78
